
 i.LS	       F	       R	alpha[1]	   Jc/J0	 #Active
  1.0	5.00e+06	0.00e+00	1.00e+02	1.00e+00	  0
  2.0	2.86e+06	2.43e-02	1.00e+02	5.72e-01	  0
  3.0	1.30e+06	9.99e-02	1.00e+02	2.59e-01	  0
  4.0	7.03e+05	1.86e-01	1.00e+02	1.41e-01	154
  5.0	3.66e+05	3.00e-01	1.00e+02	7.33e-02	753
  6.0	1.75e+05	4.30e-01	1.00e+02	3.49e-02	844
  7.0	7.87e+04	5.83e-01	1.00e+02	1.57e-02	878
